
Memory Configuration

Name             Origin             Length             Attributes
*default*        0x0000000000000000 0xffffffffffffffff

Linker script and memory map

                0x00000000803f0280                . = 0x803f0280

.text           0x00000000803f0280      0x298
 *(.text)
 .text          0x00000000803f0280      0x298 CircleBuffer.o
                0x00000000803f0280                CBGetBytesAvailableForRead
                0x00000000803f0288                CBGetBytesAvailableForWrite
                0x00000000803f0290                CircleBufferInitialize
                0x00000000803f02bc                CircleBufferTerminate
                0x00000000803f02c0                CircleBufferWriteBytes
                0x00000000803f03ec                CircleBufferReadBytes

.glink          0x00000000803f0518        0x0
 .glink         0x00000000803f0518        0x0 CircleBuffer.o

.rodata
 *(.rodata*)

.eh_frame       0x00000000803f0518       0xfc
 .eh_frame      0x00000000803f0518       0xfc CircleBuffer.o

.eh_frame       0x00000000803f0614        0x0
 .eh_frame      0x00000000803f0614        0x0 CircleBuffer.o

.sdata2         0x00000000803f0614        0x0
 .sdata2        0x00000000803f0614        0x0 CircleBuffer.o

.rela.dyn       0x00000000803f0614        0x0
 .rela.iplt     0x00000000803f0614        0x0 CircleBuffer.o

.bss            0x00000000803f0614        0x0
 .bss           0x00000000803f0614        0x0 CircleBuffer.o

.iplt           0x00000000803f0620        0x0
 .iplt          0x00000000803f0620        0x0 CircleBuffer.o

.data           0x00000000803f0614        0x0
 *(.data)
 .data          0x00000000803f0614        0x0 CircleBuffer.o

.branch_lt      0x00000000803f0614        0x0
 .branch_lt     0x00000000803f0614        0x0 CircleBuffer.o
                0x00000000803f061c                . = (. + 0x8)

.sdata          0x00000000803f061c        0x0
 *(.sdata)
 .sdata         0x00000000803f061c        0x0 CircleBuffer.o
                0x0000000080149754                OnActivate = 0x80149754
                0x0000000080158f54                strlen = 0x80158f54
                0x0000000080158e9c                strcpy = 0x80158e9c
                0x00000000801d5f80                malloc = 0x801d5f80
                0x00000000801569e0                vprintf = 0x801569e0
LOAD CircleBuffer.o
OUTPUT(obj_CircleBuffer.o elf32-powerpc)

.comment        0x0000000000000000       0x23
 .comment       0x0000000000000000       0x23 CircleBuffer.o
                                         0x24 (size before relaxing)
