
Memory Configuration

Name             Origin             Length             Attributes
*default*        0x0000000000000000 0xffffffffffffffff

Linker script and memory map

                0x00000000803f0280                . = 0x803f0280

.text           0x00000000803f0280        0x0
 *(.text)
 .text          0x00000000803f0280        0x0 J3DTex.o

.text.J3DTexGenBlock4__getNBTScale_void_
                0x00000000803f0280        0x8
 .text.J3DTexGenBlock4__getNBTScale_void_
                0x00000000803f0280        0x8 J3DTex.o
                0x00000000803f0280                J3DTexGenBlock4__getNBTScale_void_

.text.J3DTexGenBlock4__getNBTScale_void_2
                0x00000000803f0288        0x8
 .text.J3DTexGenBlock4__getNBTScale_void_2
                0x00000000803f0288        0x8 J3DTex.o
                0x00000000803f0288                J3DTexGenBlock4__getNBTScale_void_2

.text.J3DTexGenBlock4__getNBTScale_void_3
                0x00000000803f0290        0x8
 .text.J3DTexGenBlock4__getNBTScale_void_3
                0x00000000803f0290        0x8 J3DTex.o
                0x00000000803f0290                J3DTexGenBlock4__getNBTScale_void_3

.text.J3DTexGenBlock4__getNBTScale_void_4
                0x00000000803f0298        0x8
 .text.J3DTexGenBlock4__getNBTScale_void_4
                0x00000000803f0298        0x8 J3DTex.o
                0x00000000803f0298                J3DTexGenBlock4__getNBTScale_void_4

.glink          0x00000000803f02a0        0x0
 .glink         0x00000000803f02a0        0x0 J3DTex.o

.rodata
 *(.rodata*)

.eh_frame       0x00000000803f02a0       0x64
 .eh_frame      0x00000000803f02a0       0x64 J3DTex.o

.eh_frame       0x00000000803f0304        0x0
 .eh_frame      0x00000000803f0304        0x0 J3DTex.o

.sdata2         0x00000000803f0304        0x0
 .sdata2        0x00000000803f0304        0x0 J3DTex.o

.rela.dyn       0x00000000803f0304        0x0
 .rela.iplt     0x00000000803f0304        0x0 J3DTex.o

.bss            0x00000000803f0304        0x0
 .bss           0x00000000803f0304        0x0 J3DTex.o

.iplt           0x00000000803f0310        0x0
 .iplt          0x00000000803f0310        0x0 J3DTex.o

.data           0x00000000803f0304        0x0
 *(.data)
 .data          0x00000000803f0304        0x0 J3DTex.o

.branch_lt      0x00000000803f0304        0x0
 .branch_lt     0x00000000803f0304        0x0 J3DTex.o
                0x00000000803f030c                . = (. + 0x8)

.sdata          0x00000000803f030c        0x0
 *(.sdata)
 .sdata         0x00000000803f030c        0x0 J3DTex.o
                0x0000000080149754                OnActivate = 0x80149754
                0x0000000080158f54                strlen = 0x80158f54
                0x0000000080158e9c                strcpy = 0x80158e9c
                0x00000000801d5f80                malloc = 0x801d5f80
                0x00000000801569e0                vprintf = 0x801569e0
LOAD J3DTex.o
OUTPUT(obj_J3DTex.o elf32-powerpc)

.comment        0x0000000000000000       0x23
 .comment       0x0000000000000000       0x23 J3DTex.o
                                         0x24 (size before relaxing)
