
Memory Configuration

Name             Origin             Length             Attributes
*default*        0x0000000000000000 0xffffffffffffffff

Linker script and memory map

                0x00000000803f0280                . = 0x803f0280

.text           0x00000000803f0280       0x48
 *(.text)
 .text          0x00000000803f0280       0x48 Pad.o
                0x00000000803f0280                __check_pad3
                0x00000000803f02ac                __set_debug_bba
                0x00000000803f02bc                __get_debug_bba

.glink          0x00000000803f02c8        0x0
 .glink         0x00000000803f02c8        0x0 Pad.o

.rodata
 *(.rodata*)

.eh_frame       0x00000000803f02c8       0x50
 .eh_frame      0x00000000803f02c8       0x50 Pad.o

.eh_frame       0x00000000803f0318        0x0
 .eh_frame      0x00000000803f0318        0x0 Pad.o

.sdata2         0x00000000803f0318        0x0
 .sdata2        0x00000000803f0318        0x0 Pad.o

.rela.dyn       0x00000000803f0318        0x0
 .rela.iplt     0x00000000803f0318        0x0 Pad.o

.bss            0x00000000803f0318        0x1
 .bss           0x00000000803f0318        0x1 Pad.o

.sbss           0x00000000803f031c       0x30
 .sbss          0x00000000803f031c       0x30 Pad.o
                0x00000000803f031c                __OSTVMode
                0x00000000803f0320                GameChoice
                0x00000000803f0322                __OSWirelessPadFixMode
                0x00000000803f0324                __OSCurrentInterruptMask
                0x00000000803f0328                __OSPriorInterruptMask
                0x00000000803f032c                __OSCurrentThread
                0x00000000803f0330                __OSActiveThreadQueue
                0x00000000803f0338                __OSFPUContext
                0x00000000803f033c                __OSCurrentContext
                0x00000000803f0340                __OSDeviceCode
                0x00000000803f0344                __OSCoreClock
                0x00000000803f0348                __OSBusClock

.iplt           0x00000000803f0350        0x0
 .iplt          0x00000000803f0350        0x0 Pad.o

.data           0x00000000803f034c        0x0
 *(.data)
 .data          0x00000000803f034c        0x0 Pad.o

.branch_lt      0x00000000803f034c        0x0
 .branch_lt     0x00000000803f034c        0x0 Pad.o
                0x00000000803f0354                . = (. + 0x8)

.sdata          0x00000000803f0354        0x0
 *(.sdata)
 .sdata         0x00000000803f0354        0x0 Pad.o
                0x0000000080149754                OnActivate = 0x80149754
                0x0000000080158f54                strlen = 0x80158f54
                0x0000000080158e9c                strcpy = 0x80158e9c
                0x00000000801d5f80                malloc = 0x801d5f80
                0x00000000801569e0                vprintf = 0x801569e0
LOAD Pad.o
OUTPUT(obj_Pad.o elf32-powerpc)

.comment        0x0000000000000000       0x23
 .comment       0x0000000000000000       0x23 Pad.o
                                         0x24 (size before relaxing)
