
Memory Configuration

Name             Origin             Length             Attributes
*default*        0x0000000000000000 0xffffffffffffffff

Linker script and memory map

                0x00000000803f0280                . = 0x803f0280

.text           0x00000000803f0280        0x0
 *(.text)
 .text          0x00000000803f0280        0x0 Pad.o

.text.__check_pad3
                0x00000000803f0280       0x28
 .text.__check_pad3
                0x00000000803f0280       0x28 Pad.o
                0x00000000803f0280                __check_pad3

.text.__set_debug_bba
                0x00000000803f02a8       0x10
 .text.__set_debug_bba
                0x00000000803f02a8       0x10 Pad.o
                0x00000000803f02a8                __set_debug_bba

.text.__get_debug_bba
                0x00000000803f02b8       0x10
 .text.__get_debug_bba
                0x00000000803f02b8       0x10 Pad.o
                0x00000000803f02b8                __get_debug_bba

.glink          0x00000000803f02c8        0x0
 .glink         0x00000000803f02c8        0x0 Pad.o

.rodata
 *(.rodata*)

.eh_frame       0x00000000803f02c8       0x50
 .eh_frame      0x00000000803f02c8       0x50 Pad.o

.eh_frame       0x00000000803f0318        0x0
 .eh_frame      0x00000000803f0318        0x0 Pad.o

.sdata2         0x00000000803f0318        0x0
 .sdata2        0x00000000803f0318        0x0 Pad.o

.rela.dyn       0x00000000803f0318        0x0
 .rela.iplt     0x00000000803f0318        0x0 Pad.o

.bss            0x00000000803f0318        0x0
 .bss           0x00000000803f0318        0x0 Pad.o

.iplt           0x00000000803f0320        0x0
 .iplt          0x00000000803f0320        0x0 Pad.o

.data           0x00000000803f0318        0x0
 *(.data)
 .data          0x00000000803f0318        0x0 Pad.o

.sdata.Debug_BBA
                0x00000000803f0318        0x4
 .sdata.Debug_BBA
                0x00000000803f0318        0x4 Pad.o
                0x00000000803f0318                Debug_BBA

.branch_lt      0x00000000803f031c        0x0
 .branch_lt     0x00000000803f031c        0x0 Pad.o
                0x00000000803f0324                . = (. + 0x8)

.sdata          0x00000000803f0324        0x0
 *(.sdata)
 .sdata         0x00000000803f0324        0x0 Pad.o
                0x0000000080149754                OnActivate = 0x80149754
                0x0000000080158f54                strlen = 0x80158f54
                0x0000000080158e9c                strcpy = 0x80158e9c
                0x00000000801d5f80                malloc = 0x801d5f80
                0x00000000801569e0                vprintf = 0x801569e0
LOAD Pad.o
OUTPUT(obj_Pad.o elf32-powerpc)

.comment        0x0000000000000000       0x23
 .comment       0x0000000000000000       0x23 Pad.o
                                         0x24 (size before relaxing)
