
Memory Configuration

Name             Origin             Length             Attributes
*default*        0x0000000000000000 0xffffffffffffffff

Linker script and memory map

                0x00000000803f0280                . = 0x803f0280

.text           0x00000000803f0280        0x0
 *(.text)
 .text          0x00000000803f0280        0x0 updateArrayDataWithResult.o

.text.updateArrayDataWithResult
                0x00000000803f0280      0x1a8
 .text.updateArrayDataWithResult
                0x00000000803f0280      0x1a8 updateArrayDataWithResult.o
                0x00000000803f0280                updateArrayDataWithResult

.glink          0x00000000803f0428        0x0
 .glink         0x00000000803f0428        0x0 updateArrayDataWithResult.o

.rodata
 *(.rodata*)

.eh_frame       0x00000000803f0428       0x6c
 .eh_frame      0x00000000803f0428       0x6c updateArrayDataWithResult.o

.eh_frame       0x00000000803f0494        0x0
 .eh_frame      0x00000000803f0494        0x0 updateArrayDataWithResult.o

.sdata2         0x00000000803f0494        0x0
 .sdata2        0x00000000803f0494        0x0 updateArrayDataWithResult.o

.rela.dyn       0x00000000803f0494        0x0
 .rela.iplt     0x00000000803f0494        0x0 updateArrayDataWithResult.o
 .rela.text.updateArrayDataWithResult
                0x00000000803f0494        0x0 updateArrayDataWithResult.o

.bss            0x00000000803f0494        0x0
 .bss           0x00000000803f0494        0x0 updateArrayDataWithResult.o

.iplt           0x00000000803f04a0        0x0
 .iplt          0x00000000803f04a0        0x0 updateArrayDataWithResult.o

.data           0x00000000803f0494        0x0
 *(.data)
 .data          0x00000000803f0494        0x0 updateArrayDataWithResult.o

.branch_lt      0x00000000803f0494        0x0
 .branch_lt     0x00000000803f0494        0x0 updateArrayDataWithResult.o
                0x00000000803f049c                . = (. + 0x8)

.sdata          0x00000000803f049c        0x0
 *(.sdata)
 .sdata         0x00000000803f049c        0x0 updateArrayDataWithResult.o
                0x0000000080149754                OnActivate = 0x80149754
                0x0000000080158f54                strlen = 0x80158f54
                0x0000000080158e9c                strcpy = 0x80158e9c
                0x00000000801d5f80                malloc = 0x801d5f80
                0x00000000801569e0                vprintf = 0x801569e0
LOAD updateArrayDataWithResult.o
OUTPUT(obj_updateArrayDataWithResult.o elf32-powerpc)

.comment        0x0000000000000000       0x23
 .comment       0x0000000000000000       0x23 updateArrayDataWithResult.o
                                         0x24 (size before relaxing)
