
Memory Configuration

Name             Origin             Length             Attributes
*default*        0x0000000000000000 0xffffffffffffffff

Linker script and memory map

                0x00000000803f0280                . = 0x803f0280

.text           0x00000000803f0280        0x0
 *(.text)
 .text          0x00000000803f0280        0x0 HSD_Channel.o

.glink          0x00000000803f0280        0x0
 .glink         0x00000000803f0280        0x0 HSD_Channel.o

.rodata         0x00000000803f0280        0xa
 *(.rodata*)
 .rodata.str1.4
                0x00000000803f0280        0xa HSD_Channel.o

.eh_frame       0x00000000803f028c        0x0
 .eh_frame      0x00000000803f028c        0x0 HSD_Channel.o

.sdata2         0x00000000803f028a        0x0
 .sdata2        0x00000000803f028a        0x0 HSD_Channel.o

.rela.dyn       0x00000000803f028c        0x0
 .rela.iplt     0x00000000803f028c        0x0 HSD_Channel.o

.data           0x00000000803f028a        0x0
 *(.data)
 .data          0x00000000803f028a        0x0 HSD_Channel.o

.sdata.hsdChanCompObject
                0x00000000803f028c        0x8
 .sdata.hsdChanCompObject
                0x00000000803f028c        0x8 HSD_Channel.o
                0x00000000803f028c                hsdChanCompObject

.sdata.hsdChanClassObject
                0x00000000803f0294        0x8
 .sdata.hsdChanClassObject
                0x00000000803f0294        0x8 HSD_Channel.o
                0x00000000803f0294                hsdChanClassObject

.sdata.hsdChanClassName
                0x00000000803f029c        0x4
 .sdata.hsdChanClassName
                0x00000000803f029c        0x4 HSD_Channel.o
                0x00000000803f029c                hsdChanClassName

.branch_lt      0x00000000803f02a0        0x0
 .branch_lt     0x00000000803f02a0        0x0 HSD_Channel.o
                0x00000000803f02a8                . = (. + 0x8)

.sdata          0x00000000803f02a8        0x0
 *(.sdata)
 .sdata         0x00000000803f02a8        0x0 HSD_Channel.o
                0x0000000080149754                OnActivate = 0x80149754
                0x0000000080158f54                strlen = 0x80158f54
                0x0000000080158e9c                strcpy = 0x80158e9c
                0x00000000801d5f80                malloc = 0x801d5f80
                0x00000000801569e0                vprintf = 0x801569e0
LOAD HSD_Channel.o
OUTPUT(obj_HSD_Channel.o elf32-powerpc)

.bss            0x00000000803f02a8        0x0
 .bss           0x00000000803f02a8        0x0 HSD_Channel.o

.iplt           0x00000000803f02b0        0x0
 .iplt          0x00000000803f02b0        0x0 HSD_Channel.o

.comment        0x0000000000000000       0x23
 .comment       0x0000000000000000       0x23 HSD_Channel.o
                                         0x24 (size before relaxing)
