
Memory Configuration

Name             Origin             Length             Attributes
*default*        0x0000000000000000 0xffffffffffffffff

Linker script and memory map

                0x00000000803f0280                . = 0x803f0280

.text           0x00000000803f0280        0x0
 *(.text)
 .text          0x00000000803f0280        0x0 HSD_Channel.o

.glink          0x00000000803f0280        0x0
 .glink         0x00000000803f0280        0x0 HSD_Channel.o

.rodata         0x00000000803f0280       0x17
 *(.rodata*)
 .rodata.str1.4
                0x00000000803f0280       0x17 HSD_Channel.o

.eh_frame       0x00000000803f0298        0x0
 .eh_frame      0x00000000803f0298        0x0 HSD_Channel.o

.sdata2         0x00000000803f0297        0x0
 .sdata2        0x00000000803f0297        0x0 HSD_Channel.o

.rela.dyn       0x00000000803f0298        0x0
 .rela.iplt     0x00000000803f0298        0x0 HSD_Channel.o

.data           0x00000000803f0297        0x0
 *(.data)
 .data          0x00000000803f0297        0x0 HSD_Channel.o

.data.HSD_CGsChannel
                0x00000000803f0298        0xc
 .data.HSD_CGsChannel
                0x00000000803f0298        0xc HSD_Channel.o
                0x00000000803f0298                HSD_CGsChannel

.sdata.HSD_CGsChanClassObject
                0x00000000803f02a4        0x8
 .sdata.HSD_CGsChanClassObject
                0x00000000803f02a4        0x8 HSD_Channel.o
                0x00000000803f02a4                HSD_CGsChanClassObject

.data.HSD_ChanCompObject
                0x00000000803f02ac        0xc
 .data.HSD_ChanCompObject
                0x00000000803f02ac        0xc HSD_Channel.o
                0x00000000803f02ac                HSD_ChanCompObject

.sdata.HSD_ChanClassObject
                0x00000000803f02b8        0x8
 .sdata.HSD_ChanClassObject
                0x00000000803f02b8        0x8 HSD_Channel.o
                0x00000000803f02b8                HSD_ChanClassObject

.sdata.HSD_ChanClassName
                0x00000000803f02c0        0x4
 .sdata.HSD_ChanClassName
                0x00000000803f02c0        0x4 HSD_Channel.o
                0x00000000803f02c0                HSD_ChanClassName

.sdata.HSD_CGsClassName
                0x00000000803f02c4        0x4
 .sdata.HSD_CGsClassName
                0x00000000803f02c4        0x4 HSD_Channel.o
                0x00000000803f02c4                HSD_CGsClassName

.branch_lt      0x00000000803f02c8        0x0
 .branch_lt     0x00000000803f02c8        0x0 HSD_Channel.o
                0x00000000803f02d0                . = (. + 0x8)

.sdata          0x00000000803f02d0        0x0
 *(.sdata)
 .sdata         0x00000000803f02d0        0x0 HSD_Channel.o
                0x0000000080149754                OnActivate = 0x80149754
                0x0000000080158f54                strlen = 0x80158f54
                0x0000000080158e9c                strcpy = 0x80158e9c
                0x00000000801d5f80                malloc = 0x801d5f80
                0x00000000801569e0                vprintf = 0x801569e0
LOAD HSD_Channel.o
OUTPUT(obj_HSD_Channel.o elf32-powerpc)

.bss            0x00000000803f02d0        0x0
 .bss           0x00000000803f02d0        0x0 HSD_Channel.o

.iplt           0x00000000803f02d0        0x0
 .iplt          0x00000000803f02d0        0x0 HSD_Channel.o

.comment        0x0000000000000000       0x23
 .comment       0x0000000000000000       0x23 HSD_Channel.o
                                         0x24 (size before relaxing)
