
Memory Configuration

Name             Origin             Length             Attributes
*default*        0x0000000000000000 0xffffffffffffffff

Linker script and memory map

                0x00000000803f0280                . = 0x803f0280

.text           0x00000000803f0280        0x0
 *(.text)
 .text          0x00000000803f0280        0x0 test.o

.text._Z4Testv  0x00000000803f0280        0x4
 .text._Z4Testv
                0x00000000803f0280        0x4 test.o
                0x00000000803f0280                Test()

.glink          0x00000000803f0284        0x0
 .glink         0x00000000803f0284        0x0 test.o

.rodata         0x00000000803f0284        0xf
 *(.rodata*)
 .rodata.str1.4
                0x00000000803f0284        0xf test.o

.eh_frame       0x00000000803f0294       0x28
 .eh_frame      0x00000000803f0294       0x28 test.o

.eh_frame       0x00000000803f02bc        0x0
 .eh_frame      0x00000000803f02bc        0x0 test.o

.sdata2         0x00000000803f02bc        0x0
 .sdata2        0x00000000803f02bc        0x0 test.o

.rela.dyn       0x00000000803f02bc        0x0
 .rela.iplt     0x00000000803f02bc        0x0 test.o

.data           0x00000000803f02bc        0x0
 *(.data)
 .data          0x00000000803f02bc        0x0 test.o

.data._ZN15CSound_Instance12instanceInfoE
                0x00000000803f02bc        0xc
 .data._ZN15CSound_Instance12instanceInfoE
                0x00000000803f02bc        0xc test.o
                0x00000000803f02bc                CSound_Instance::instanceInfo

.sdata._ZN10XSoundBase9classInfoE
                0x00000000803f02c8        0x8
 .sdata._ZN10XSoundBase9classInfoE
                0x00000000803f02c8        0x8 test.o
                0x00000000803f02c8                XSoundBase::classInfo

.sdata._ZN10CSoundBase9classInfoE
                0x00000000803f02d0        0x8
 .sdata._ZN10CSoundBase9classInfoE
                0x00000000803f02d0        0x8 test.o
                0x00000000803f02d0                CSoundBase::classInfo

.branch_lt      0x00000000803f02d8        0x0
 .branch_lt     0x00000000803f02d8        0x0 test.o
                0x00000000803f02e0                . = (. + 0x8)

.sdata          0x00000000803f02e0        0x0
 *(.sdata)
 .sdata         0x00000000803f02e0        0x0 test.o
                0x0000000080149754                OnActivate = 0x80149754
                0x0000000080158f54                strlen = 0x80158f54
                0x0000000080158e9c                strcpy = 0x80158e9c
                0x00000000801d5f80                malloc = 0x801d5f80
                0x00000000801569e0                vprintf = 0x801569e0
LOAD test.o
OUTPUT(obj_test.o elf32-powerpc)

.bss            0x00000000803f02e0        0x0
 .bss           0x00000000803f02e0        0x0 test.o

.iplt           0x00000000803f02e0        0x0
 .iplt          0x00000000803f02e0        0x0 test.o

.comment        0x0000000000000000       0x23
 .comment       0x0000000000000000       0x23 test.o
                                         0x24 (size before relaxing)
