
Discarded input sections

 .group         0x0000000000000000        0x8 test.o
 .group         0x0000000000000000       0x10 test.o
 .group         0x0000000000000000        0x8 test.o
 .group         0x0000000000000000        0xc test.o
 .group         0x0000000000000000        0x8 test.o
 .group         0x0000000000000000        0xc test.o
 .group         0x0000000000000000        0xc test.o

Memory Configuration

Name             Origin             Length             Attributes
*default*        0x0000000000000000 0xffffffffffffffff

Linker script and memory map

                0x00000000803f0280                . = 0x803f0280

.text           0x00000000803f0280        0x0
 *(.text)
 .text          0x00000000803f0280        0x0 test.o

.text._ZNK10ChildClass10StartClassEv
                0x00000000803f0280        0x4
 .text._ZNK10ChildClass10StartClassEv
                0x00000000803f0280        0x4 test.o
                0x00000000803f0280                ChildClass::StartClass() const

.text._ZN10ChildClassD2Ev
                0x00000000803f0284        0x4
 .text._ZN10ChildClassD2Ev
                0x00000000803f0284        0x4 test.o
                0x00000000803f0284                ChildClass::~ChildClass()
                0x00000000803f0284                ChildClass::~ChildClass()

.text._ZN10ChildClassD0Ev
                0x00000000803f0288        0x8
 .text._ZN10ChildClassD0Ev
                0x00000000803f0288        0x8 test.o
                0x00000000803f0288                ChildClass::~ChildClass()

.text.startup._GLOBAL__sub_I_classData
                0x00000000803f0290       0xa0
 .text.startup._GLOBAL__sub_I_classData
                0x00000000803f0290       0xa0 test.o

.glink          0x00000000803f0330        0x0
 .glink         0x00000000803f0330        0x0 test.o

.rodata         0x00000000803f0330       0x3c
 *(.rodata*)
 .rodata._ZTS9MainClass
                0x00000000803f0330        0xb test.o
                0x00000000803f0330                typeinfo name for MainClass
 *fill*         0x00000000803f033b        0x1 
 .rodata._ZTS10ChildClass
                0x00000000803f033c        0xd test.o
                0x00000000803f033c                typeinfo name for ChildClass
 *fill*         0x00000000803f0349        0x3 
 .rodata._ZTI10ChildClass
                0x00000000803f034c        0xc test.o
                0x00000000803f034c                typeinfo for ChildClass
 .rodata._ZTV10ChildClass
                0x00000000803f0358       0x14 test.o
                0x00000000803f0358                vtable for ChildClass

.gcc_except_table._GLOBAL__sub_I_classData
                0x00000000803f036c       0x12
 .gcc_except_table._GLOBAL__sub_I_classData
                0x00000000803f036c       0x12 test.o

.eh_frame       0x00000000803f0380       0xa0
 .eh_frame      0x00000000803f0380       0xa0 test.o

.eh_frame       0x00000000803f0420        0x0
 .eh_frame      0x00000000803f0420        0x0 test.o

.sdata2         0x00000000803f0420        0x0
 .sdata2        0x00000000803f0420        0x0 test.o

.rela.dyn       0x00000000803f0420        0x0
 .rela.iplt     0x00000000803f0420        0x0 test.o
 .rela.text.startup._GLOBAL__sub_I_classData
                0x00000000803f0420        0x0 test.o
 .rela.sdata._ZTI9MainClass
                0x00000000803f0420        0x0 test.o
 .rela.rodata._ZTI10ChildClass
                0x00000000803f0420        0x0 test.o
 .rela.rodata._ZTV10ChildClass
                0x00000000803f0420        0x0 test.o
 .rela.eh_frame
                0x00000000803f0420        0x0 test.o

.data           0x00000000803f0420        0x0
 *(.data)
 .data          0x00000000803f0420        0x0 test.o

.ctors          0x00000000803f0420        0x4
 .ctors         0x00000000803f0420        0x4 test.o

.sdata._ZTI9MainClass
                0x00000000803f0424        0x8
 .sdata._ZTI9MainClass
                0x00000000803f0424        0x8 test.o
                0x00000000803f0424                typeinfo for MainClass

.branch_lt      0x00000000803f042c        0x0
 .branch_lt     0x00000000803f042c        0x0 test.o
                0x00000000803f0434                . = (. + 0x8)

.sdata          0x00000000803f0434        0x0
 *(.sdata)
 .sdata         0x00000000803f0434        0x0 test.o
                0x0000000080149754                OnActivate = 0x80149754
                0x0000000080158f54                strlen = 0x80158f54
                0x0000000080158e9c                strcpy = 0x80158e9c
                0x00000000801d5f80                malloc = 0x801d5f80
                0x00000000801569e0                vprintf = 0x801569e0
LOAD test.o
OUTPUT(obj_test.o elf32-powerpc)

.bss            0x00000000803f0434        0x0
 .bss           0x00000000803f0434        0x0 test.o

.sbss.obj       0x00000000803f0434        0x4
 .sbss.obj      0x00000000803f0434        0x4 test.o
                0x00000000803f0434                obj

.sbss.classData
                0x00000000803f0438        0x8
 .sbss.classData
                0x00000000803f0438        0x8 test.o
                0x00000000803f0438                classData

.iplt           0x00000000803f0440        0x0
 .iplt          0x00000000803f0440        0x0 test.o

.comment        0x0000000000000000       0x23
 .comment       0x0000000000000000       0x23 test.o
                                         0x24 (size before relaxing)
