
Memory Configuration

Name             Origin             Length             Attributes
*default*        0x0000000000000000 0xffffffffffffffff

Linker script and memory map

                0x00000000803f0280                . = 0x803f0280

.text           0x00000000803f0280      0x420
 *(.text)
 .text          0x00000000803f0280      0x420 object.o
                0x00000000803f0280                JStudio_JStage::transform_toGlobalFromLocal(float (*) [4], JStudio::TControl::TTransform_translation_rotation_scaling const&, JStage::TObject const*, unsigned long)
                0x00000000803f0338                JStudio_JStage::transform_toGlobalFromLocal(float (*) [4], JStudio::TControl::TTransform_position const&, JStage::TObject const*, unsigned long)
                0x00000000803f03f0                JStudio_JStage::transform_toLocalFromGlobal(float (*) [4], JStudio::TControl::TTransform_translation_rotation_scaling const&, JStage::TObject const*, unsigned long)
                0x00000000803f04b4                JStudio_JStage::transform_toLocalFromGlobal(float (*) [4], JStudio::TControl::TTransform_position const&, JStage::TObject const*, unsigned long)
                0x00000000803f0578                JStudio_JStage::TAdaptor_object_::adaptor_data_(JStage::TObject*, void const*, unsigned long, void const*, unsigned long)
                0x00000000803f05ac                JStudio_JStage::TAdaptor_object_::adaptor_findJSGObject_(JStage::TSystem const*, char const*)
                0x00000000803f0604                JStudio_JStage::TAdaptor_object_::adaptor_findJSGObjectNode_(JStage::TObject const*, char const*)
                0x00000000803f0614                JStudio_JStage::TAdaptor_object_::adaptor_ENABLE_(JStage::TObject*, JStudio::data::TEOperationData, void const*, unsigned long)

.glink          0x00000000803f06a0        0x0
 .glink         0x00000000803f06a0        0x0 object.o

.rodata
 *(.rodata*)

.eh_frame       0x00000000803f06a0      0x1c4
 .eh_frame      0x00000000803f06a0      0x1c4 object.o

.eh_frame       0x00000000803f0864        0x0
 .eh_frame      0x00000000803f0864        0x0 object.o

.sdata2         0x00000000803f0864        0x0
 .sdata2        0x00000000803f0864        0x0 object.o

.rela.dyn       0x00000000803f0864        0x0
 .rela.iplt     0x00000000803f0864        0x0 object.o

.bss            0x00000000803f0864        0x0
 .bss           0x00000000803f0864        0x0 object.o

.sbss           0x00000000803f0864       0x14
 .sbss          0x00000000803f0864       0x14 object.o
                0x00000000803f0864                __OSCurrentInterruptMask
                0x00000000803f0868                __OSPriorInterruptMask
                0x00000000803f086c                __OSDeviceCode
                0x00000000803f0870                __OSCoreClock
                0x00000000803f0874                __OSBusClock

.iplt           0x00000000803f0880        0x0
 .iplt          0x00000000803f0880        0x0 object.o

.data           0x00000000803f0878        0x0
 *(.data)
 .data          0x00000000803f0878        0x0 object.o

.branch_lt      0x00000000803f0878        0x0
 .branch_lt     0x00000000803f0878        0x0 object.o
                0x00000000803f0880                . = (. + 0x8)

.sdata          0x00000000803f0880        0x0
 *(.sdata)
 .sdata         0x00000000803f0880        0x0 object.o
                0x0000000080149754                OnActivate = 0x80149754
                0x0000000080158f54                strlen = 0x80158f54
                0x0000000080158e9c                strcpy = 0x80158e9c
                0x00000000801d5f80                malloc = 0x801d5f80
                0x00000000801569e0                vprintf = 0x801569e0
LOAD object.o
OUTPUT(obj_object.o elf32-powerpc)

.comment        0x0000000000000000       0x23
 .comment       0x0000000000000000       0x23 object.o
                                         0x24 (size before relaxing)

.gnu.attributes
                0x0000000000000000       0x10
 .gnu.attributes
                0x0000000000000000       0x10 object.o
