
Memory Configuration

Name             Origin             Length             Attributes
*default*        0x0000000000000000 0xffffffffffffffff

Linker script and memory map

                0x00000000803f0280                . = 0x803f0280

.text           0x00000000803f0280        0x0
 *(.text)
 .text          0x00000000803f0280        0x0 OnLoadFunction.o

.text.SetDebugText
                0x00000000803f0280       0x90
 .text.SetDebugText
                0x00000000803f0280       0x90 OnLoadFunction.o
                0x00000000803f0280                SetDebugText

.text.SetDebugFloat
                0x00000000803f0310       0x74
 .text.SetDebugFloat
                0x00000000803f0310       0x74 OnLoadFunction.o
                0x00000000803f0310                SetDebugFloat

.text.OnLoad    0x00000000803f0384       0x38
 .text.OnLoad   0x00000000803f0384       0x38 OnLoadFunction.o
                0x00000000803f0384                OnLoad

.glink          0x00000000803f03bc        0x0
 .glink         0x00000000803f03bc        0x0 OnLoadFunction.o

.rodata
 *(.rodata*)

.eh_frame       0x00000000803f03bc       0x70
 .eh_frame      0x00000000803f03bc       0x70 OnLoadFunction.o

.eh_frame       0x00000000803f042c        0x0
 .eh_frame      0x00000000803f042c        0x0 OnLoadFunction.o

.sdata2         0x00000000803f042c        0x0
 .sdata2        0x00000000803f042c        0x0 OnLoadFunction.o

.rela.dyn       0x00000000803f042c        0x0
 .rela.iplt     0x00000000803f042c        0x0 OnLoadFunction.o

.bss            0x00000000803f042c        0x0
 .bss           0x00000000803f042c        0x0 OnLoadFunction.o

.sbss.started   0x00000000803f042c        0x1
 .sbss.started  0x00000000803f042c        0x1 OnLoadFunction.o
                0x00000000803f042c                started

.iplt           0x00000000803f0430        0x0
 .iplt          0x00000000803f0430        0x0 OnLoadFunction.o

.data           0x00000000803f042d        0x0
 *(.data)
 .data          0x00000000803f042d        0x0 OnLoadFunction.o

.branch_lt      0x00000000803f0430        0x0
 .branch_lt     0x00000000803f0430        0x0 OnLoadFunction.o
                0x00000000803f0438                . = (. + 0x8)

.sdata          0x00000000803f0435        0x0
 *(.sdata)
 .sdata         0x00000000803f0435        0x0 OnLoadFunction.o
                0x0000000080149754                OnActivate = 0x80149754
                0x0000000080158f54                strlen = 0x80158f54
                0x0000000080158e9c                strcpy = 0x80158e9c
                0x00000000801d5f80                malloc = 0x801d5f80
                0x00000000801569e0                vprintf = 0x801569e0
LOAD OnLoadFunction.o
OUTPUT(obj_OnLoadFunction.o elf32-powerpc)

.comment        0x0000000000000000       0x23
 .comment       0x0000000000000000       0x23 OnLoadFunction.o
                                         0x24 (size before relaxing)
